// Jest Snapshot v1, https://goo.gl/fbAQLP

exports[`EvbFormControl should render 1`] = `
Object {
  "elm": undefined,
  "ishost": false,
  "vattrs": null,
  "vchildren": null,
  "vkey": undefined,
  "vname": undefined,
  "vtag": "slot",
  "vtext": undefined,
}
`;
